// Jest Snapshot v1, https://goo.gl/fbAQLP

exports[`<Form /> renders the <Form /> with an error 1`] = `
<div
  class="form__Container-sc-17a8gge-0 iliiSj"
>
  <div
    class="form__Error-sc-17a8gge-1 kVgBSZ"
  >
    Your email address is already being used
  </div>
  <button
    class="form__Submit-sc-17a8gge-8 hnLkEh"
    type="submit"
  >
    Sign In
  </button>
</div>
`;
